export const snapshot = {};

snapshot[`populateDatabaseFromPaths ok 1`] = `
Map(2) {
  "Pachinko" => {
    date: "1999-02-12",
    description: "Pachinko master",
    reference: "https://en.wikipedia.org/wiki/pachinko?variant=zh-cn",
    tag: "Pachinko",
    type: "skill",
  },
  "Pokémon" => {
    date: "2001-12-31",
    description: "Pokémon master",
    reference: "https://www.pokemon.com",
    tag: "Pokémon",
    type: "skill",
  },
}
`;

snapshot[`populateDatabaseFromPaths ok 2`] = `
Map(1) {
  "Team Rocket" => {
    date: "2021-01-01",
    lead: "keyser.söze",
    name: "Launch Capabilities",
    services: [
      "Engines",
      "Payload",
    ],
    tag: "Team Rocket",
    type: "team",
  },
}
`;

snapshot[`populateDatabaseFromPaths ok 3`] = `
Map(1) {
  "keyser.söze" => {
    date: "1995-08-28",
    name: "Keyser Söze",
    skills: [
      [
        "Pachinko",
        7,
      ],
      [
        "Pokémon",
        9,
      ],
    ],
    tag: "keyser.söze",
    type: "person",
  },
}
`;
